// Jest Snapshot v1, https://goo.gl/fbAQLP

exports[`codegen element2 1`] = `
"const { _toDisplayString: __toDisplayString,_createElementVNode: __createElementVNode } = Vue
return function render(_ctx, _cache) {return _createElementVNode('div', null, 'hi, ' + _toDisplayString(_ctx.message))}"
`;

exports[`codegen interpolation 1`] = `
"const { _toDisplayString: __toDisplayString } = Vue
return function render(_ctx, _cache) {return _toDisplayString(_ctx.message)}"
`;

exports[`codegen string 1`] = `"return function render(_ctx, _cache) {return 'hi'}"`;
